2026-09-11 22:22:58,185 - INFO - Sistema iniciado.
2026-09-11 22:23:12,581 - INFO - Sistema iniciado.
2026-09-11 22:23:43,076 - INFO - Producto creado - ID: 1, Nombre: Colgate, Precio: 20000.0
2026-09-11 22:24:10,831 - INFO - Sistema iniciado.
2026-09-11 22:24:14,838 - WARNING - El usuario seleccionó una opción inválida: C:\Users\danit\AppData\Local\Programs\Python\Python313\python.exe c:/Users/danit/Downloads/api/main.py
2026-09-11 22:24:17,168 - WARNING - El usuario seleccionó una opción inválida: C:\Users\danit\AppData\Local\Programs\Python\Python313\python.exe c:/Users/danit/Downloads/api/main.py
2026-09-11 22:24:19,668 - WARNING - El usuario seleccionó una opción inválida: C:\Users\danit\AppData\Local\Programs\Python\Python313\python.exe c:/Users/danit/Downloads/api/main.py
2026-09-11 22:24:20,074 - WARNING - El usuario seleccionó una opción inválida: C:\Users\danit\AppData\Local\Programs\Python\Python313\python.exe c:/Users/danit/Downloads/api/main.py
2026-09-11 22:24:21,305 - WARNING - El usuario seleccionó una opción inválida: C:\Users\danit\AppData\Local\Programs\Python\Python313\python.exe c:/Users/danit/Downloads/api/main.py
2026-09-11 22:24:21,476 - WARNING - El usuario seleccionó una opción inválida: C:\Users\danit\AppData\Local\Programs\Python\Python313\python.exe c:/Users/danit/Downloads/api/main.py
2026-09-11 22:24:21,645 - WARNING - El usuario seleccionó una opción inválida: C:\Users\danit\AppData\Local\Programs\Python\Python313\python.exe c:/Users/danit/Downloads/api/main.py
2026-09-11 22:24:21,821 - WARNING - El usuario seleccionó una opción inválida: C:\Users\danit\AppData\Local\Programs\Python\Python313\python.exe c:/Users/danit/Downloads/api/main.py
2026-09-11 22:24:22,050 - WARNING - El usuario seleccionó una opción inválida: C:\Users\danit\AppData\Local\Programs\Python\Python313\python.exe c:/Users/danit/Downloads/api/main.py
2026-09-11 22:24:28,148 - WARNING - El usuario seleccionó una opción inválida: C:\Users\danit\AppData\Local\Programs\Python\Python313\python.exe c:/Users/danit/Downloads/api/main.py
2026-09-11 22:24:31,794 - WARNING - El usuario seleccionó una opción inválida: C:\Users\danit\AppData\Local\Programs\Python\Python313\python.exe c:/Users/danit/Downloads/api/main.py
2026-09-11 22:24:31,915 - WARNING - El usuario seleccionó una opción inválida: C:\Users\danit\AppData\Local\Programs\Python\Python313\python.exe c:/Users/danit/Downloads/api/main.py
2026-09-11 22:27:19,127 - ERROR - Error al actualizar producto: ID o precio inválido.
2026-09-11 22:27:29,698 - WARNING - Intento de actualizar producto inexistente - ID: 123321
2026-09-11 22:28:07,411 - INFO - Producto creado - ID: 1, Nombre: Pantalon, Precio: 150000.0
2026-09-11 22:32:47,797 - INFO - Sistema iniciado.
2026-09-12 15:58:34,241 - INFO - Sistema iniciado.
2026-09-12 15:58:49,327 - WARNING - Intento de actualizar producto inexistente - ID: 1031
2026-09-12 15:59:30,468 - INFO - Se consultó la lista de productos.
2026-09-12 15:59:34,422 - INFO - Se consultó la lista de productos.
2026-09-12 15:59:50,628 - INFO - Producto creado - ID: 1, Nombre: Camisa, Precio: 120000.0
2026-09-12 15:59:54,979 - INFO - Se consultó la lista de productos.
2026-09-12 16:00:12,779 - INFO - Producto creado - ID: 2, Nombre: Chaqueta, Precio: 200000.0
2026-09-12 16:00:36,166 - INFO - Producto creado - ID: 3, Nombre: Pantalon, Precio: 90000.0
2026-09-12 16:00:57,025 - INFO - Producto actualizado - ID: 1, Nombre: Camisa, Precio: 60000.0
2026-09-12 16:01:24,916 - INFO - Producto actualizado - ID: 2, Nombre: Chaqueta, Precio: 150000.0
2026-09-12 16:01:39,593 - INFO - Producto creado - ID: 4, Nombre: Zapatos, Precio: 120000.0
2026-09-12 16:01:53,094 - INFO - Producto creado - ID: 5, Nombre: Falda, Precio: 40000.0
2026-09-12 16:02:08,409 - ERROR - Error al crear producto: el precio ingresado no es válido.
2026-09-12 16:02:19,679 - ERROR - Error al crear producto: el precio ingresado no es válido.
2026-09-12 16:02:38,585 - INFO - Producto creado - ID: 6, Nombre: Vestido, Precio: 50000.0
2026-09-12 16:02:50,456 - INFO - Producto eliminado - ID: 3, Nombre: Pantalon
2026-09-12 16:02:56,143 - INFO - Se consultó la lista de productos.
2026-09-12 21:17:01,735 - INFO - Sistema cerrado por el usuario.
